#! /c/Source/iverilog-install/bin/vvp
:ivl_version "12.0 (devel)" "(s20150603-1110-g18392a46)";
:ivl_delay_selection "TYPICAL";
:vpi_time_precision + 0;
:vpi_module "C:\iverilog\lib\ivl\system.vpi";
:vpi_module "C:\iverilog\lib\ivl\vhdl_sys.vpi";
:vpi_module "C:\iverilog\lib\ivl\vhdl_textio.vpi";
:vpi_module "C:\iverilog\lib\ivl\v2005_math.vpi";
:vpi_module "C:\iverilog\lib\ivl\va_math.vpi";
:vpi_module "C:\iverilog\lib\ivl\v2009.vpi";
S_000001c539868b50 .scope package, "$unit" "$unit" 2 1;
 .timescale 0 0;
S_000001c539868ce0 .scope module, "alu" "alu" 3 5;
 .timescale 0 0;
    .port_info 0 /INPUT 4 "opcode";
    .port_info 1 /INPUT 2 "bit_sel";
    .port_info 2 /INPUT 32 "A";
    .port_info 3 /INPUT 32 "B";
    .port_info 4 /OUTPUT 32 "Out";
o000001c5398c34c8 .functor BUFZ 32, C4<zzzzzzzzzzzzzzzzzzzzzzzzzzzzzzzz>; HiZ drive
o000001c5398c34f8 .functor BUFZ 32, C4<zzzzzzzzzzzzzzzzzzzzzzzzzzzzzzzz>; HiZ drive
L_000001c539981a50 .functor AND 32, o000001c5398c34c8, o000001c5398c34f8, C4<11111111111111111111111111111111>, C4<11111111111111111111111111111111>;
L_000001c539981b30 .functor OR 32, o000001c5398c34c8, o000001c5398c34f8, C4<00000000000000000000000000000000>, C4<00000000000000000000000000000000>;
L_000001c539981740 .functor XOR 32, o000001c5398c34c8, o000001c5398c34f8, C4<00000000000000000000000000000000>, C4<00000000000000000000000000000000>;
L_000001c539980da0 .functor NOT 32, o000001c5398c34c8, C4<00000000000000000000000000000000>, C4<00000000000000000000000000000000>, C4<00000000000000000000000000000000>;
v000001c53992a570_0 .net "A", 31 0, o000001c5398c34c8;  0 drivers
v000001c53992be70_0 .net "B", 31 0, o000001c5398c34f8;  0 drivers
v000001c53992a890_0 .net "D", 0 0, L_000001c53997b5d0;  1 drivers
v000001c53992ca50_0 .net "H", 0 0, L_000001c53997c9d0;  1 drivers
v000001c53992b150_0 .net "O", 0 0, L_000001c53997b7b0;  1 drivers
v000001c53992a6b0_0 .var "Out", 31 0;
v000001c53992bf10_0 .net "Q", 0 0, L_000001c53997b850;  1 drivers
L_000001c53992f698 .functor BUFT 1, C4<01>, C4<0>, C4<0>, C4<0>;
v000001c53992b5b0_0 .net/2u *"_ivl_12", 1 0, L_000001c53992f698;  1 drivers
L_000001c53992f6e0 .functor BUFT 1, C4<10>, C4<0>, C4<0>, C4<0>;
v000001c53992b8d0_0 .net/2u *"_ivl_16", 1 0, L_000001c53992f6e0;  1 drivers
L_000001c53992f728 .functor BUFT 1, C4<11>, C4<0>, C4<0>, C4<0>;
v000001c53992b470_0 .net/2u *"_ivl_20", 1 0, L_000001c53992f728;  1 drivers
L_000001c53992f650 .functor BUFT 1, C4<00>, C4<0>, C4<0>, C4<0>;
v000001c53992acf0_0 .net/2u *"_ivl_8", 1 0, L_000001c53992f650;  1 drivers
v000001c53992bfb0_0 .net "add_result", 31 0, L_000001c53997a590;  1 drivers
v000001c53992c050_0 .net "and_result", 31 0, L_000001c539981a50;  1 drivers
o000001c5398c7338 .functor BUFZ 2, C4<zz>; HiZ drive
v000001c53992b330_0 .net "bit_sel", 1 0, o000001c5398c7338;  0 drivers
v000001c53992c0f0_0 .var "left", 0 0;
v000001c53992caf0_0 .net "mul_result", 31 0, v000001c539925ae0_0;  1 drivers
v000001c53992ae30_0 .net "not_result", 31 0, L_000001c539980da0;  1 drivers
o000001c5398c7398 .functor BUFZ 4, C4<zzzz>; HiZ drive
v000001c53992c690_0 .net "opcode", 3 0, o000001c5398c7398;  0 drivers
v000001c53992c910_0 .net "or_result", 31 0, L_000001c539981b30;  1 drivers
v000001c53992cb90_0 .net "shift_result", 31 0, L_000001c53997bd50;  1 drivers
v000001c53992c230_0 .var "sub", 0 0;
v000001c53992c4b0_0 .net "xor_result", 31 0, L_000001c539981740;  1 drivers
E_000001c5398b1c60/0 .event anyedge, v000001c53992c690_0, v000001c5398a2860_0, v000001c539925ae0_0, v000001c5399264e0_0;
E_000001c5398b1c60/1 .event anyedge, v000001c53992c050_0, v000001c53992c910_0, v000001c53992c4b0_0, v000001c53992ae30_0;
E_000001c5398b1c60 .event/or E_000001c5398b1c60/0, E_000001c5398b1c60/1;
L_000001c53997b5d0 .cmp/eq 2, o000001c5398c7338, L_000001c53992f650;
L_000001c53997c9d0 .cmp/eq 2, o000001c5398c7338, L_000001c53992f698;
L_000001c53997b7b0 .cmp/eq 2, o000001c5398c7338, L_000001c53992f6e0;
L_000001c53997b850 .cmp/eq 2, o000001c5398c7338, L_000001c53992f728;
S_000001c53985d8e0 .scope module, "add" "adder" 3 17, 4 1 0, S_000001c539868ce0;
 .timescale 0 0;
    .port_info 0 /INPUT 32 "A";
    .port_info 1 /INPUT 32 "B";
    .port_info 2 /INPUT 1 "sub";
    .port_info 3 /INPUT 1 "D";
    .port_info 4 /INPUT 1 "H";
    .port_info 5 /INPUT 1 "O";
    .port_info 6 /INPUT 1 "Q";
    .port_info 7 /OUTPUT 32 "Out";
L_000001c5398c2de0 .functor NOT 32, o000001c5398c34f8, C4<00000000000000000000000000000000>, C4<00000000000000000000000000000000>, C4<00000000000000000000000000000000>;
L_000001c5398c2bb0 .functor OR 5, L_000001c53992bb50, L_000001c53992b650, C4<00000>, C4<00000>;
L_000001c5398c2130 .functor OR 5, L_000001c5398c2bb0, L_000001c53992c7d0, C4<00000>, C4<00000>;
L_000001c5398c2d70 .functor AND 5, L_000001c5398c2130, L_000001c53992abb0, C4<11111>, C4<11111>;
L_000001c5398c2750 .functor AND 5, L_000001c53992c870, L_000001c53992af70, C4<11111>, C4<11111>;
L_000001c5398c27c0 .functor OR 5, L_000001c53992a750, L_000001c53992a7f0, C4<00000>, C4<00000>;
L_000001c5398c2e50 .functor AND 5, L_000001c5398c27c0, L_000001c53992a9d0, C4<11111>, C4<11111>;
L_000001c5398c21a0 .functor OR 5, L_000001c53992b1f0, L_000001c53992b290, C4<00000>, C4<00000>;
L_000001c5398c2600 .functor AND 5, L_000001c5398c21a0, L_000001c53992e210, C4<11111>, C4<11111>;
L_000001c5398c2d00 .functor OR 5, L_000001c53992ce10, L_000001c53992def0, C4<00000>, C4<00000>;
L_000001c5398c2590 .functor OR 5, L_000001c5398c2d00, L_000001c53992d270, C4<00000>, C4<00000>;
L_000001c5398c2210 .functor AND 5, L_000001c5398c2590, L_000001c53992d130, C4<11111>, C4<11111>;
L_000001c5398c24b0 .functor AND 5, L_000001c53992e0d0, L_000001c53992d1d0, C4<11111>, C4<11111>;
L_000001c5398c2a60 .functor AND 5, L_000001c53992de50, L_000001c53992d770, C4<11111>, C4<11111>;
L_000001c5398c2f30 .functor OR 5, L_000001c53992e170, L_000001c53992e3f0, C4<00000>, C4<00000>;
L_000001c5398c2830 .functor OR 5, L_000001c5398c2f30, L_000001c53992d630, C4<00000>, C4<00000>;
L_000001c5398c2670 .functor AND 5, L_000001c5398c2830, L_000001c53992ceb0, C4<11111>, C4<11111>;
L_000001c5398c20c0 .functor OR 5, L_000001c53992db30, L_000001c53992dbd0, C4<00000>, C4<00000>;
L_000001c5398c2280 .functor OR 5, L_000001c5398c20c0, L_000001c539979a50, C4<00000>, C4<00000>;
L_000001c5398c2c20 .functor AND 5, L_000001c5398c2280, L_000001c53997b350, C4<11111>, C4<11111>;
L_000001c5398c26e0 .functor AND 5, L_000001c53997adb0, L_000001c539979910, C4<11111>, C4<11111>;
L_000001c5398c2fa0 .functor OR 5, L_000001c53997ac70, L_000001c53997a6d0, C4<00000>, C4<00000>;
L_000001c5398c2440 .functor AND 5, L_000001c5398c2fa0, L_000001c539979e10, C4<11111>, C4<11111>;
L_000001c5398c22f0 .functor OR 5, L_000001c53997a090, L_000001c539979eb0, C4<00000>, C4<00000>;
L_000001c5398c28a0 .functor AND 5, L_000001c5398c22f0, L_000001c53997ad10, C4<11111>, C4<11111>;
L_000001c5398c2910 .functor OR 5, L_000001c539979230, L_000001c5399792d0, C4<00000>, C4<00000>;
L_000001c5398c2360 .functor OR 5, L_000001c5398c2910, L_000001c539979f50, C4<00000>, C4<00000>;
L_000001c5398c23d0 .functor AND 5, L_000001c5398c2360, L_000001c53997b030, C4<11111>, C4<11111>;
L_000001c5398c2b40 .functor AND 5, L_000001c53997a630, L_000001c53997a1d0, C4<11111>, C4<11111>;
v000001c5398b7520_0 .net "A", 31 0, o000001c5398c34c8;  alias, 0 drivers
v000001c5398b61c0_0 .net "B", 31 0, o000001c5398c34f8;  alias, 0 drivers
v000001c5398b6300_0 .net "B_Real", 31 0, L_000001c53992b3d0;  1 drivers
v000001c5398a0ec0_0 .net "D", 0 0, L_000001c53997b5d0;  alias, 1 drivers
v000001c5398a1c80_0 .net "H", 0 0, L_000001c53997c9d0;  alias, 1 drivers
v000001c5398a2040_0 .net "O", 0 0, L_000001c53997b7b0;  alias, 1 drivers
v000001c5398a2860_0 .net "Out", 31 0, L_000001c53997a590;  alias, 1 drivers
v000001c53991d630_0 .net "Out0", 4 0, L_000001c53992b510;  1 drivers
v000001c53991db30_0 .net "Out1", 4 0, L_000001c53992cc30;  1 drivers
v000001c53991dbd0_0 .net "Out2", 4 0, L_000001c53992dc70;  1 drivers
v000001c53991c690_0 .net "Out3", 4 0, L_000001c53992d8b0;  1 drivers
v000001c53991d270_0 .net "Out4", 4 0, L_000001c53992d9f0;  1 drivers
v000001c53991cb90_0 .net "Out5", 4 0, L_000001c53997af90;  1 drivers
v000001c53991ccd0_0 .net "Out6", 4 0, L_000001c53997a450;  1 drivers
v000001c53991c7d0_0 .net "Out7", 4 0, L_000001c53997a3b0;  1 drivers
v000001c53991d450_0 .net "Q", 0 0, L_000001c53997b850;  alias, 1 drivers
v000001c53991d310_0 .net *"_ivl_0", 31 0, L_000001c5398c2de0;  1 drivers
v000001c53991c410_0 .net *"_ivl_101", 0 0, L_000001c53992a930;  1 drivers
v000001c53991ddb0_0 .net *"_ivl_102", 4 0, L_000001c53992a9d0;  1 drivers
L_000001c53992e960 .functor BUFT 1, C4<0000>, C4<0>, C4<0>, C4<0>;
v000001c53991c730_0 .net *"_ivl_105", 3 0, L_000001c53992e960;  1 drivers
v000001c53991da90_0 .net *"_ivl_106", 4 0, L_000001c5398c2e50;  1 drivers
v000001c53991dc70_0 .net *"_ivl_108", 4 0, L_000001c53992aa70;  1 drivers
v000001c53991de50_0 .net *"_ivl_11", 3 0, L_000001c53992c550;  1 drivers
v000001c53991d770_0 .net *"_ivl_110", 4 0, L_000001c53992b1f0;  1 drivers
L_000001c53992e9a8 .functor BUFT 1, C4<0000>, C4<0>, C4<0>, C4<0>;
v000001c53991d3b0_0 .net *"_ivl_113", 3 0, L_000001c53992e9a8;  1 drivers
v000001c53991d4f0_0 .net *"_ivl_114", 4 0, L_000001c53992b290;  1 drivers
L_000001c53992e9f0 .functor BUFT 1, C4<0000>, C4<0>, C4<0>, C4<0>;
v000001c53991d590_0 .net *"_ivl_117", 3 0, L_000001c53992e9f0;  1 drivers
v000001c53991c550_0 .net *"_ivl_118", 4 0, L_000001c5398c21a0;  1 drivers
v000001c53991cc30_0 .net *"_ivl_12", 4 0, L_000001c53992bbf0;  1 drivers
v000001c53991c370_0 .net *"_ivl_120", 4 0, L_000001c53992e210;  1 drivers
L_000001c53992ea38 .functor BUFT 1, C4<0000>, C4<0>, C4<0>, C4<0>;
v000001c53991c4b0_0 .net *"_ivl_123", 3 0, L_000001c53992ea38;  1 drivers
v000001c53991dd10_0 .net *"_ivl_124", 4 0, L_000001c5398c2600;  1 drivers
v000001c53991def0_0 .net *"_ivl_129", 3 0, L_000001c53992df90;  1 drivers
v000001c53991cf50_0 .net *"_ivl_130", 4 0, L_000001c53992cd70;  1 drivers
L_000001c53992ea80 .functor BUFT 1, C4<0>, C4<0>, C4<0>, C4<0>;
v000001c53991d950_0 .net *"_ivl_133", 0 0, L_000001c53992ea80;  1 drivers
v000001c53991c9b0_0 .net *"_ivl_135", 3 0, L_000001c53992e2b0;  1 drivers
v000001c53991df90_0 .net *"_ivl_136", 4 0, L_000001c53992cff0;  1 drivers
L_000001c53992eac8 .functor BUFT 1, C4<0>, C4<0>, C4<0>, C4<0>;
v000001c53991c230_0 .net *"_ivl_139", 0 0, L_000001c53992eac8;  1 drivers
v000001c53991d810_0 .net *"_ivl_140", 4 0, L_000001c53992dd10;  1 drivers
v000001c53991c0f0_0 .net *"_ivl_142", 4 0, L_000001c53992ce10;  1 drivers
L_000001c53992eb10 .functor BUFT 1, C4<0000>, C4<0>, C4<0>, C4<0>;
v000001c53991cd70_0 .net *"_ivl_145", 3 0, L_000001c53992eb10;  1 drivers
v000001c53991c190_0 .net *"_ivl_146", 4 0, L_000001c53992def0;  1 drivers
L_000001c53992eb58 .functor BUFT 1, C4<0000>, C4<0>, C4<0>, C4<0>;
v000001c53991c2d0_0 .net *"_ivl_149", 3 0, L_000001c53992eb58;  1 drivers
L_000001c53992e570 .functor BUFT 1, C4<0>, C4<0>, C4<0>, C4<0>;
v000001c53991ce10_0 .net *"_ivl_15", 0 0, L_000001c53992e570;  1 drivers
v000001c53991d8b0_0 .net *"_ivl_150", 4 0, L_000001c5398c2d00;  1 drivers
v000001c53991d090_0 .net *"_ivl_152", 4 0, L_000001c53992d270;  1 drivers
L_000001c53992eba0 .functor BUFT 1, C4<0000>, C4<0>, C4<0>, C4<0>;
v000001c53991d1d0_0 .net *"_ivl_155", 3 0, L_000001c53992eba0;  1 drivers
v000001c53991c5f0_0 .net *"_ivl_156", 4 0, L_000001c5398c2590;  1 drivers
v000001c53991c870_0 .net *"_ivl_159", 0 0, L_000001c53992e030;  1 drivers
v000001c53991ceb0_0 .net *"_ivl_16", 4 0, L_000001c53992aed0;  1 drivers
v000001c53991c910_0 .net *"_ivl_160", 4 0, L_000001c53992d130;  1 drivers
L_000001c53992ebe8 .functor BUFT 1, C4<0000>, C4<0>, C4<0>, C4<0>;
v000001c53991ca50_0 .net *"_ivl_163", 3 0, L_000001c53992ebe8;  1 drivers
v000001c53991d130_0 .net *"_ivl_164", 4 0, L_000001c5398c2210;  1 drivers
v000001c53991d6d0_0 .net *"_ivl_166", 4 0, L_000001c53992da90;  1 drivers
v000001c53991d9f0_0 .net *"_ivl_168", 4 0, L_000001c53992e0d0;  1 drivers
L_000001c53992ec30 .functor BUFT 1, C4<0000>, C4<0>, C4<0>, C4<0>;
v000001c53991caf0_0 .net *"_ivl_171", 3 0, L_000001c53992ec30;  1 drivers
v000001c53991cff0_0 .net *"_ivl_172", 4 0, L_000001c53992d1d0;  1 drivers
L_000001c53992ec78 .functor BUFT 1, C4<0000>, C4<0>, C4<0>, C4<0>;
v000001c53991ff00_0 .net *"_ivl_175", 3 0, L_000001c53992ec78;  1 drivers
v000001c53991e4c0_0 .net *"_ivl_176", 4 0, L_000001c5398c24b0;  1 drivers
v000001c53991e740_0 .net *"_ivl_18", 4 0, L_000001c53992c9b0;  1 drivers
v000001c53991e1a0_0 .net *"_ivl_181", 3 0, L_000001c53992d450;  1 drivers
v000001c53991f820_0 .net *"_ivl_182", 4 0, L_000001c53992ddb0;  1 drivers
L_000001c53992ecc0 .functor BUFT 1, C4<0>, C4<0>, C4<0>, C4<0>;
v000001c53991e240_0 .net *"_ivl_185", 0 0, L_000001c53992ecc0;  1 drivers
v000001c53991e6a0_0 .net *"_ivl_187", 3 0, L_000001c53992d4f0;  1 drivers
v000001c53991e420_0 .net *"_ivl_188", 4 0, L_000001c53992e350;  1 drivers
L_000001c53992ed08 .functor BUFT 1, C4<0>, C4<0>, C4<0>, C4<0>;
v000001c53991e2e0_0 .net *"_ivl_191", 0 0, L_000001c53992ed08;  1 drivers
v000001c53991fbe0_0 .net *"_ivl_192", 4 0, L_000001c53992d590;  1 drivers
v000001c53991ed80_0 .net *"_ivl_194", 4 0, L_000001c53992de50;  1 drivers
L_000001c53992ed50 .functor BUFT 1, C4<0000>, C4<0>, C4<0>, C4<0>;
v000001c53991e380_0 .net *"_ivl_197", 3 0, L_000001c53992ed50;  1 drivers
v000001c53991fd20_0 .net *"_ivl_199", 0 0, L_000001c53992d090;  1 drivers
v000001c53991f5a0_0 .net *"_ivl_200", 4 0, L_000001c53992d770;  1 drivers
L_000001c53992ed98 .functor BUFT 1, C4<0000>, C4<0>, C4<0>, C4<0>;
v000001c53991ee20_0 .net *"_ivl_203", 3 0, L_000001c53992ed98;  1 drivers
v000001c53991eb00_0 .net *"_ivl_204", 4 0, L_000001c5398c2a60;  1 drivers
v000001c53991f280_0 .net *"_ivl_206", 4 0, L_000001c53992d950;  1 drivers
v000001c53991f6e0_0 .net *"_ivl_208", 4 0, L_000001c53992e170;  1 drivers
L_000001c53992e5b8 .functor BUFT 1, C4<0000>, C4<0>, C4<0>, C4<0>;
v000001c53991f320_0 .net *"_ivl_21", 3 0, L_000001c53992e5b8;  1 drivers
L_000001c53992ede0 .functor BUFT 1, C4<0000>, C4<0>, C4<0>, C4<0>;
v000001c53991f8c0_0 .net *"_ivl_211", 3 0, L_000001c53992ede0;  1 drivers
v000001c53991f140_0 .net *"_ivl_212", 4 0, L_000001c53992e3f0;  1 drivers
L_000001c53992ee28 .functor BUFT 1, C4<0000>, C4<0>, C4<0>, C4<0>;
v000001c53991fdc0_0 .net *"_ivl_215", 3 0, L_000001c53992ee28;  1 drivers
v000001c53991e600_0 .net *"_ivl_216", 4 0, L_000001c5398c2f30;  1 drivers
v000001c53991e920_0 .net *"_ivl_218", 4 0, L_000001c53992d630;  1 drivers
L_000001c53992ee70 .functor BUFT 1, C4<0000>, C4<0>, C4<0>, C4<0>;
v000001c53991f960_0 .net *"_ivl_221", 3 0, L_000001c53992ee70;  1 drivers
v000001c53991e560_0 .net *"_ivl_222", 4 0, L_000001c5398c2830;  1 drivers
v000001c53991fe60_0 .net *"_ivl_224", 4 0, L_000001c53992ceb0;  1 drivers
L_000001c53992eeb8 .functor BUFT 1, C4<0000>, C4<0>, C4<0>, C4<0>;
v000001c53991e9c0_0 .net *"_ivl_227", 3 0, L_000001c53992eeb8;  1 drivers
v000001c53991e7e0_0 .net *"_ivl_228", 4 0, L_000001c5398c2670;  1 drivers
v000001c53991eec0_0 .net *"_ivl_233", 3 0, L_000001c53992cf50;  1 drivers
v000001c53991fb40_0 .net *"_ivl_234", 4 0, L_000001c53992d310;  1 drivers
L_000001c53992ef00 .functor BUFT 1, C4<0>, C4<0>, C4<0>, C4<0>;
v000001c53991f3c0_0 .net *"_ivl_237", 0 0, L_000001c53992ef00;  1 drivers
v000001c53991ffa0_0 .net *"_ivl_239", 3 0, L_000001c53992d3b0;  1 drivers
v000001c53991e100_0 .net *"_ivl_240", 4 0, L_000001c53992d6d0;  1 drivers
L_000001c53992ef48 .functor BUFT 1, C4<0>, C4<0>, C4<0>, C4<0>;
v000001c53991f780_0 .net *"_ivl_243", 0 0, L_000001c53992ef48;  1 drivers
v000001c53991ef60_0 .net *"_ivl_244", 4 0, L_000001c53992d810;  1 drivers
v000001c53991faa0_0 .net *"_ivl_246", 4 0, L_000001c53992db30;  1 drivers
L_000001c53992ef90 .functor BUFT 1, C4<0000>, C4<0>, C4<0>, C4<0>;
v000001c53991f640_0 .net *"_ivl_249", 3 0, L_000001c53992ef90;  1 drivers
v000001c53991f500_0 .net *"_ivl_25", 3 0, L_000001c53992b970;  1 drivers
v000001c53991fc80_0 .net *"_ivl_250", 4 0, L_000001c53992dbd0;  1 drivers
L_000001c53992efd8 .functor BUFT 1, C4<0000>, C4<0>, C4<0>, C4<0>;
v000001c53991f460_0 .net *"_ivl_253", 3 0, L_000001c53992efd8;  1 drivers
v000001c53991f000_0 .net *"_ivl_254", 4 0, L_000001c5398c20c0;  1 drivers
v000001c53991e880_0 .net *"_ivl_256", 4 0, L_000001c539979a50;  1 drivers
L_000001c53992f020 .functor BUFT 1, C4<0000>, C4<0>, C4<0>, C4<0>;
v000001c53991f0a0_0 .net *"_ivl_259", 3 0, L_000001c53992f020;  1 drivers
v000001c53991ea60_0 .net *"_ivl_26", 4 0, L_000001c53992c370;  1 drivers
v000001c53991fa00_0 .net *"_ivl_260", 4 0, L_000001c5398c2280;  1 drivers
v000001c53991eba0_0 .net *"_ivl_263", 0 0, L_000001c53997b210;  1 drivers
v000001c53991ec40_0 .net *"_ivl_264", 4 0, L_000001c53997b350;  1 drivers
L_000001c53992f068 .functor BUFT 1, C4<0000>, C4<0>, C4<0>, C4<0>;
v000001c53991f1e0_0 .net *"_ivl_267", 3 0, L_000001c53992f068;  1 drivers
v000001c53991ece0_0 .net *"_ivl_268", 4 0, L_000001c5398c2c20;  1 drivers
v000001c5399209d0_0 .net *"_ivl_270", 4 0, L_000001c539979050;  1 drivers
v000001c539920e30_0 .net *"_ivl_272", 4 0, L_000001c53997adb0;  1 drivers
L_000001c53992f0b0 .functor BUFT 1, C4<0000>, C4<0>, C4<0>, C4<0>;
v000001c539920d90_0 .net *"_ivl_275", 3 0, L_000001c53992f0b0;  1 drivers
v000001c539921010_0 .net *"_ivl_276", 4 0, L_000001c539979910;  1 drivers
L_000001c53992f0f8 .functor BUFT 1, C4<0000>, C4<0>, C4<0>, C4<0>;
v000001c539920b10_0 .net *"_ivl_279", 3 0, L_000001c53992f0f8;  1 drivers
v000001c539921b50_0 .net *"_ivl_280", 4 0, L_000001c5398c26e0;  1 drivers
v000001c539920c50_0 .net *"_ivl_285", 3 0, L_000001c53997b2b0;  1 drivers
v000001c539921330_0 .net *"_ivl_286", 4 0, L_000001c539979b90;  1 drivers
L_000001c53992f140 .functor BUFT 1, C4<0>, C4<0>, C4<0>, C4<0>;
v000001c5399213d0_0 .net *"_ivl_289", 0 0, L_000001c53992f140;  1 drivers
L_000001c53992e600 .functor BUFT 1, C4<0>, C4<0>, C4<0>, C4<0>;
v000001c539920430_0 .net *"_ivl_29", 0 0, L_000001c53992e600;  1 drivers
v000001c539921dd0_0 .net *"_ivl_291", 3 0, L_000001c539979ff0;  1 drivers
v000001c5399206b0_0 .net *"_ivl_292", 4 0, L_000001c539979370;  1 drivers
L_000001c53992f188 .functor BUFT 1, C4<0>, C4<0>, C4<0>, C4<0>;
v000001c539921ab0_0 .net *"_ivl_295", 0 0, L_000001c53992f188;  1 drivers
v000001c539921c90_0 .net *"_ivl_296", 4 0, L_000001c539978d30;  1 drivers
v000001c539921e70_0 .net *"_ivl_298", 4 0, L_000001c53997ac70;  1 drivers
L_000001c53992f1d0 .functor BUFT 1, C4<0000>, C4<0>, C4<0>, C4<0>;
v000001c539921790_0 .net *"_ivl_301", 3 0, L_000001c53992f1d0;  1 drivers
v000001c539921470_0 .net *"_ivl_302", 4 0, L_000001c53997a6d0;  1 drivers
L_000001c53992f218 .functor BUFT 1, C4<0000>, C4<0>, C4<0>, C4<0>;
v000001c539921510_0 .net *"_ivl_305", 3 0, L_000001c53992f218;  1 drivers
v000001c5399215b0_0 .net *"_ivl_306", 4 0, L_000001c5398c2fa0;  1 drivers
v000001c539920570_0 .net *"_ivl_309", 0 0, L_000001c539979af0;  1 drivers
v000001c539920cf0_0 .net *"_ivl_31", 3 0, L_000001c53992c5f0;  1 drivers
v000001c539920390_0 .net *"_ivl_310", 4 0, L_000001c539979e10;  1 drivers
L_000001c53992f260 .functor BUFT 1, C4<0000>, C4<0>, C4<0>, C4<0>;
v000001c5399204d0_0 .net *"_ivl_313", 3 0, L_000001c53992f260;  1 drivers
v000001c539921bf0_0 .net *"_ivl_314", 4 0, L_000001c5398c2440;  1 drivers
v000001c539921d30_0 .net *"_ivl_316", 4 0, L_000001c539979c30;  1 drivers
v000001c539920f70_0 .net *"_ivl_318", 4 0, L_000001c53997a090;  1 drivers
v000001c539921970_0 .net *"_ivl_32", 4 0, L_000001c53992c730;  1 drivers
L_000001c53992f2a8 .functor BUFT 1, C4<0000>, C4<0>, C4<0>, C4<0>;
v000001c539920a70_0 .net *"_ivl_321", 3 0, L_000001c53992f2a8;  1 drivers
v000001c539921fb0_0 .net *"_ivl_322", 4 0, L_000001c539979eb0;  1 drivers
L_000001c53992f2f0 .functor BUFT 1, C4<0000>, C4<0>, C4<0>, C4<0>;
v000001c539920250_0 .net *"_ivl_325", 3 0, L_000001c53992f2f0;  1 drivers
v000001c539921830_0 .net *"_ivl_326", 4 0, L_000001c5398c22f0;  1 drivers
v000001c539921f10_0 .net *"_ivl_328", 4 0, L_000001c53997ad10;  1 drivers
L_000001c53992f338 .functor BUFT 1, C4<0000>, C4<0>, C4<0>, C4<0>;
v000001c539920bb0_0 .net *"_ivl_331", 3 0, L_000001c53992f338;  1 drivers
v000001c539921a10_0 .net *"_ivl_332", 4 0, L_000001c5398c28a0;  1 drivers
v000001c539920110_0 .net *"_ivl_337", 3 0, L_000001c539978bf0;  1 drivers
v000001c539920750_0 .net *"_ivl_338", 4 0, L_000001c5399795f0;  1 drivers
L_000001c53992f380 .functor BUFT 1, C4<0>, C4<0>, C4<0>, C4<0>;
v000001c539921650_0 .net *"_ivl_341", 0 0, L_000001c53992f380;  1 drivers
v000001c539920ed0_0 .net *"_ivl_343", 3 0, L_000001c539979cd0;  1 drivers
v000001c5399210b0_0 .net *"_ivl_344", 4 0, L_000001c539979730;  1 drivers
L_000001c53992f3c8 .functor BUFT 1, C4<0>, C4<0>, C4<0>, C4<0>;
v000001c5399201b0_0 .net *"_ivl_347", 0 0, L_000001c53992f3c8;  1 drivers
v000001c5399202f0_0 .net *"_ivl_348", 4 0, L_000001c539979d70;  1 drivers
L_000001c53992e648 .functor BUFT 1, C4<0>, C4<0>, C4<0>, C4<0>;
v000001c539920890_0 .net *"_ivl_35", 0 0, L_000001c53992e648;  1 drivers
v000001c5399218d0_0 .net *"_ivl_350", 4 0, L_000001c539979230;  1 drivers
L_000001c53992f410 .functor BUFT 1, C4<0000>, C4<0>, C4<0>, C4<0>;
v000001c5399216f0_0 .net *"_ivl_353", 3 0, L_000001c53992f410;  1 drivers
v000001c539921150_0 .net *"_ivl_354", 4 0, L_000001c5399792d0;  1 drivers
L_000001c53992f458 .functor BUFT 1, C4<0000>, C4<0>, C4<0>, C4<0>;
v000001c5399211f0_0 .net *"_ivl_357", 3 0, L_000001c53992f458;  1 drivers
v000001c539921290_0 .net *"_ivl_358", 4 0, L_000001c5398c2910;  1 drivers
v000001c539920610_0 .net *"_ivl_36", 4 0, L_000001c53992bab0;  1 drivers
v000001c5399207f0_0 .net *"_ivl_360", 4 0, L_000001c539979f50;  1 drivers
L_000001c53992f4a0 .functor BUFT 1, C4<0000>, C4<0>, C4<0>, C4<0>;
v000001c539920930_0 .net *"_ivl_363", 3 0, L_000001c53992f4a0;  1 drivers
v000001c539923ca0_0 .net *"_ivl_364", 4 0, L_000001c5398c2360;  1 drivers
v000001c539922760_0 .net *"_ivl_367", 0 0, L_000001c53997ae50;  1 drivers
v000001c5399221c0_0 .net *"_ivl_368", 4 0, L_000001c53997b030;  1 drivers
L_000001c53992f4e8 .functor BUFT 1, C4<0000>, C4<0>, C4<0>, C4<0>;
v000001c539923840_0 .net *"_ivl_371", 3 0, L_000001c53992f4e8;  1 drivers
v000001c539922260_0 .net *"_ivl_372", 4 0, L_000001c5398c23d0;  1 drivers
v000001c5399226c0_0 .net *"_ivl_374", 4 0, L_000001c53997a130;  1 drivers
v000001c539922440_0 .net *"_ivl_376", 4 0, L_000001c53997a630;  1 drivers
L_000001c53992f530 .functor BUFT 1, C4<0000>, C4<0>, C4<0>, C4<0>;
v000001c539922300_0 .net *"_ivl_379", 3 0, L_000001c53992f530;  1 drivers
v000001c539923c00_0 .net *"_ivl_38", 4 0, L_000001c53992bb50;  1 drivers
v000001c539922da0_0 .net *"_ivl_380", 4 0, L_000001c53997a1d0;  1 drivers
L_000001c53992f578 .functor BUFT 1, C4<0000>, C4<0>, C4<0>, C4<0>;
v000001c5399223a0_0 .net *"_ivl_383", 3 0, L_000001c53992f578;  1 drivers
v000001c539923d40_0 .net *"_ivl_384", 4 0, L_000001c5398c2b40;  1 drivers
v000001c5399235c0_0 .net *"_ivl_389", 3 0, L_000001c53997a270;  1 drivers
v000001c539922e40_0 .net *"_ivl_391", 3 0, L_000001c53997ab30;  1 drivers
v000001c539922b20_0 .net *"_ivl_393", 3 0, L_000001c5399797d0;  1 drivers
v000001c5399232a0_0 .net *"_ivl_395", 3 0, L_000001c53997a770;  1 drivers
v000001c539923700_0 .net *"_ivl_397", 3 0, L_000001c539978c90;  1 drivers
v000001c539923340_0 .net *"_ivl_399", 3 0, L_000001c53997a310;  1 drivers
v000001c5399238e0_0 .net *"_ivl_401", 3 0, L_000001c53997a4f0;  1 drivers
v000001c539923160_0 .net *"_ivl_403", 3 0, L_000001c53997a8b0;  1 drivers
L_000001c53992e690 .functor BUFT 1, C4<0000>, C4<0>, C4<0>, C4<0>;
v000001c539923de0_0 .net *"_ivl_41", 3 0, L_000001c53992e690;  1 drivers
v000001c539922620_0 .net *"_ivl_42", 4 0, L_000001c53992b650;  1 drivers
L_000001c53992e6d8 .functor BUFT 1, C4<0000>, C4<0>, C4<0>, C4<0>;
v000001c539922940_0 .net *"_ivl_45", 3 0, L_000001c53992e6d8;  1 drivers
v000001c539923980_0 .net *"_ivl_46", 4 0, L_000001c5398c2bb0;  1 drivers
v000001c5399224e0_0 .net *"_ivl_48", 4 0, L_000001c53992c7d0;  1 drivers
v000001c539923e80_0 .net *"_ivl_5", 3 0, L_000001c53992c190;  1 drivers
L_000001c53992e720 .functor BUFT 1, C4<0000>, C4<0>, C4<0>, C4<0>;
v000001c5399229e0_0 .net *"_ivl_51", 3 0, L_000001c53992e720;  1 drivers
v000001c539923a20_0 .net *"_ivl_52", 4 0, L_000001c5398c2130;  1 drivers
v000001c539923b60_0 .net *"_ivl_55", 0 0, L_000001c53992b830;  1 drivers
v000001c539922800_0 .net *"_ivl_56", 4 0, L_000001c53992abb0;  1 drivers
L_000001c53992e768 .functor BUFT 1, C4<0000>, C4<0>, C4<0>, C4<0>;
v000001c539922580_0 .net *"_ivl_59", 3 0, L_000001c53992e768;  1 drivers
v000001c5399228a0_0 .net *"_ivl_6", 4 0, L_000001c53992c2d0;  1 drivers
v000001c539923020_0 .net *"_ivl_60", 4 0, L_000001c5398c2d70;  1 drivers
v000001c539923f20_0 .net *"_ivl_62", 4 0, L_000001c53992c410;  1 drivers
v000001c539922a80_0 .net *"_ivl_64", 4 0, L_000001c53992c870;  1 drivers
L_000001c53992e7b0 .functor BUFT 1, C4<0000>, C4<0>, C4<0>, C4<0>;
v000001c539922bc0_0 .net *"_ivl_67", 3 0, L_000001c53992e7b0;  1 drivers
v000001c539923ac0_0 .net *"_ivl_68", 4 0, L_000001c53992af70;  1 drivers
L_000001c53992e7f8 .functor BUFT 1, C4<0000>, C4<0>, C4<0>, C4<0>;
v000001c539922c60_0 .net *"_ivl_71", 3 0, L_000001c53992e7f8;  1 drivers
v000001c539922d00_0 .net *"_ivl_72", 4 0, L_000001c5398c2750;  1 drivers
v000001c539922ee0_0 .net *"_ivl_77", 3 0, L_000001c53992bc90;  1 drivers
v000001c539922f80_0 .net *"_ivl_78", 4 0, L_000001c53992b010;  1 drivers
L_000001c53992e840 .functor BUFT 1, C4<0>, C4<0>, C4<0>, C4<0>;
v000001c539923fc0_0 .net *"_ivl_81", 0 0, L_000001c53992e840;  1 drivers
v000001c5399230c0_0 .net *"_ivl_83", 3 0, L_000001c53992bdd0;  1 drivers
v000001c539923200_0 .net *"_ivl_84", 4 0, L_000001c53992ccd0;  1 drivers
L_000001c53992e888 .functor BUFT 1, C4<0>, C4<0>, C4<0>, C4<0>;
v000001c539922120_0 .net *"_ivl_87", 0 0, L_000001c53992e888;  1 drivers
v000001c5399233e0_0 .net *"_ivl_88", 4 0, L_000001c53992bd30;  1 drivers
L_000001c53992e528 .functor BUFT 1, C4<0>, C4<0>, C4<0>, C4<0>;
v000001c539923480_0 .net *"_ivl_9", 0 0, L_000001c53992e528;  1 drivers
v000001c539923520_0 .net *"_ivl_90", 4 0, L_000001c53992a750;  1 drivers
L_000001c53992e8d0 .functor BUFT 1, C4<0000>, C4<0>, C4<0>, C4<0>;
v000001c539923660_0 .net *"_ivl_93", 3 0, L_000001c53992e8d0;  1 drivers
v000001c5399237a0_0 .net *"_ivl_94", 4 0, L_000001c53992a7f0;  1 drivers
L_000001c53992e918 .functor BUFT 1, C4<0000>, C4<0>, C4<0>, C4<0>;
v000001c539925e00_0 .net *"_ivl_97", 3 0, L_000001c53992e918;  1 drivers
v000001c5399245a0_0 .net *"_ivl_98", 4 0, L_000001c5398c27c0;  1 drivers
v000001c5399252c0_0 .net "sub", 0 0, v000001c53992c230_0;  1 drivers
L_000001c53992b3d0 .functor MUXZ 32, o000001c5398c34f8, L_000001c5398c2de0, v000001c53992c230_0, C4<>;
L_000001c53992c190 .part o000001c5398c34c8, 0, 4;
L_000001c53992c2d0 .concat [ 4 1 0 0], L_000001c53992c190, L_000001c53992e528;
L_000001c53992c550 .part L_000001c53992b3d0, 0, 4;
L_000001c53992bbf0 .concat [ 4 1 0 0], L_000001c53992c550, L_000001c53992e570;
L_000001c53992aed0 .arith/sum 5, L_000001c53992c2d0, L_000001c53992bbf0;
L_000001c53992c9b0 .concat [ 1 4 0 0], v000001c53992c230_0, L_000001c53992e5b8;
L_000001c53992b510 .arith/sum 5, L_000001c53992aed0, L_000001c53992c9b0;
L_000001c53992b970 .part o000001c5398c34c8, 4, 4;
L_000001c53992c370 .concat [ 4 1 0 0], L_000001c53992b970, L_000001c53992e600;
L_000001c53992c5f0 .part L_000001c53992b3d0, 4, 4;
L_000001c53992c730 .concat [ 4 1 0 0], L_000001c53992c5f0, L_000001c53992e648;
L_000001c53992bab0 .arith/sum 5, L_000001c53992c370, L_000001c53992c730;
L_000001c53992bb50 .concat [ 1 4 0 0], L_000001c53997b5d0, L_000001c53992e690;
L_000001c53992b650 .concat [ 1 4 0 0], L_000001c53997c9d0, L_000001c53992e6d8;
L_000001c53992c7d0 .concat [ 1 4 0 0], L_000001c53997b7b0, L_000001c53992e720;
L_000001c53992b830 .part L_000001c53992b510, 4, 1;
L_000001c53992abb0 .concat [ 1 4 0 0], L_000001c53992b830, L_000001c53992e768;
L_000001c53992c410 .arith/sum 5, L_000001c53992bab0, L_000001c5398c2d70;
L_000001c53992c870 .concat [ 1 4 0 0], L_000001c53997b850, L_000001c53992e7b0;
L_000001c53992af70 .concat [ 1 4 0 0], v000001c53992c230_0, L_000001c53992e7f8;
L_000001c53992cc30 .arith/sum 5, L_000001c53992c410, L_000001c5398c2750;
L_000001c53992bc90 .part o000001c5398c34c8, 8, 4;
L_000001c53992b010 .concat [ 4 1 0 0], L_000001c53992bc90, L_000001c53992e840;
L_000001c53992bdd0 .part L_000001c53992b3d0, 8, 4;
L_000001c53992ccd0 .concat [ 4 1 0 0], L_000001c53992bdd0, L_000001c53992e888;
L_000001c53992bd30 .arith/sum 5, L_000001c53992b010, L_000001c53992ccd0;
L_000001c53992a750 .concat [ 1 4 0 0], L_000001c53997b5d0, L_000001c53992e8d0;
L_000001c53992a7f0 .concat [ 1 4 0 0], L_000001c53997c9d0, L_000001c53992e918;
L_000001c53992a930 .part L_000001c53992cc30, 4, 1;
L_000001c53992a9d0 .concat [ 1 4 0 0], L_000001c53992a930, L_000001c53992e960;
L_000001c53992aa70 .arith/sum 5, L_000001c53992bd30, L_000001c5398c2e50;
L_000001c53992b1f0 .concat [ 1 4 0 0], L_000001c53997b850, L_000001c53992e9a8;
L_000001c53992b290 .concat [ 1 4 0 0], L_000001c53997b7b0, L_000001c53992e9f0;
L_000001c53992e210 .concat [ 1 4 0 0], v000001c53992c230_0, L_000001c53992ea38;
L_000001c53992dc70 .arith/sum 5, L_000001c53992aa70, L_000001c5398c2600;
L_000001c53992df90 .part o000001c5398c34c8, 12, 4;
L_000001c53992cd70 .concat [ 4 1 0 0], L_000001c53992df90, L_000001c53992ea80;
L_000001c53992e2b0 .part L_000001c53992b3d0, 12, 4;
L_000001c53992cff0 .concat [ 4 1 0 0], L_000001c53992e2b0, L_000001c53992eac8;
L_000001c53992dd10 .arith/sum 5, L_000001c53992cd70, L_000001c53992cff0;
L_000001c53992ce10 .concat [ 1 4 0 0], L_000001c53997b5d0, L_000001c53992eb10;
L_000001c53992def0 .concat [ 1 4 0 0], L_000001c53997c9d0, L_000001c53992eb58;
L_000001c53992d270 .concat [ 1 4 0 0], L_000001c53997b7b0, L_000001c53992eba0;
L_000001c53992e030 .part L_000001c53992dc70, 4, 1;
L_000001c53992d130 .concat [ 1 4 0 0], L_000001c53992e030, L_000001c53992ebe8;
L_000001c53992da90 .arith/sum 5, L_000001c53992dd10, L_000001c5398c2210;
L_000001c53992e0d0 .concat [ 1 4 0 0], L_000001c53997b850, L_000001c53992ec30;
L_000001c53992d1d0 .concat [ 1 4 0 0], v000001c53992c230_0, L_000001c53992ec78;
L_000001c53992d8b0 .arith/sum 5, L_000001c53992da90, L_000001c5398c24b0;
L_000001c53992d450 .part o000001c5398c34c8, 16, 4;
L_000001c53992ddb0 .concat [ 4 1 0 0], L_000001c53992d450, L_000001c53992ecc0;
L_000001c53992d4f0 .part L_000001c53992b3d0, 16, 4;
L_000001c53992e350 .concat [ 4 1 0 0], L_000001c53992d4f0, L_000001c53992ed08;
L_000001c53992d590 .arith/sum 5, L_000001c53992ddb0, L_000001c53992e350;
L_000001c53992de50 .concat [ 1 4 0 0], L_000001c53997b5d0, L_000001c53992ed50;
L_000001c53992d090 .part L_000001c53992d8b0, 4, 1;
L_000001c53992d770 .concat [ 1 4 0 0], L_000001c53992d090, L_000001c53992ed98;
L_000001c53992d950 .arith/sum 5, L_000001c53992d590, L_000001c5398c2a60;
L_000001c53992e170 .concat [ 1 4 0 0], L_000001c53997c9d0, L_000001c53992ede0;
L_000001c53992e3f0 .concat [ 1 4 0 0], L_000001c53997b7b0, L_000001c53992ee28;
L_000001c53992d630 .concat [ 1 4 0 0], L_000001c53997b850, L_000001c53992ee70;
L_000001c53992ceb0 .concat [ 1 4 0 0], v000001c53992c230_0, L_000001c53992eeb8;
L_000001c53992d9f0 .arith/sum 5, L_000001c53992d950, L_000001c5398c2670;
L_000001c53992cf50 .part o000001c5398c34c8, 20, 4;
L_000001c53992d310 .concat [ 4 1 0 0], L_000001c53992cf50, L_000001c53992ef00;
L_000001c53992d3b0 .part L_000001c53992b3d0, 20, 4;
L_000001c53992d6d0 .concat [ 4 1 0 0], L_000001c53992d3b0, L_000001c53992ef48;
L_000001c53992d810 .arith/sum 5, L_000001c53992d310, L_000001c53992d6d0;
L_000001c53992db30 .concat [ 1 4 0 0], L_000001c53997b5d0, L_000001c53992ef90;
L_000001c53992dbd0 .concat [ 1 4 0 0], L_000001c53997c9d0, L_000001c53992efd8;
L_000001c539979a50 .concat [ 1 4 0 0], L_000001c53997b7b0, L_000001c53992f020;
L_000001c53997b210 .part L_000001c53992d9f0, 4, 1;
L_000001c53997b350 .concat [ 1 4 0 0], L_000001c53997b210, L_000001c53992f068;
L_000001c539979050 .arith/sum 5, L_000001c53992d810, L_000001c5398c2c20;
L_000001c53997adb0 .concat [ 1 4 0 0], L_000001c53997b850, L_000001c53992f0b0;
L_000001c539979910 .concat [ 1 4 0 0], v000001c53992c230_0, L_000001c53992f0f8;
L_000001c53997af90 .arith/sum 5, L_000001c539979050, L_000001c5398c26e0;
L_000001c53997b2b0 .part o000001c5398c34c8, 24, 4;
L_000001c539979b90 .concat [ 4 1 0 0], L_000001c53997b2b0, L_000001c53992f140;
L_000001c539979ff0 .part L_000001c53992b3d0, 24, 4;
L_000001c539979370 .concat [ 4 1 0 0], L_000001c539979ff0, L_000001c53992f188;
L_000001c539978d30 .arith/sum 5, L_000001c539979b90, L_000001c539979370;
L_000001c53997ac70 .concat [ 1 4 0 0], L_000001c53997b5d0, L_000001c53992f1d0;
L_000001c53997a6d0 .concat [ 1 4 0 0], L_000001c53997c9d0, L_000001c53992f218;
L_000001c539979af0 .part L_000001c53997af90, 4, 1;
L_000001c539979e10 .concat [ 1 4 0 0], L_000001c539979af0, L_000001c53992f260;
L_000001c539979c30 .arith/sum 5, L_000001c539978d30, L_000001c5398c2440;
L_000001c53997a090 .concat [ 1 4 0 0], L_000001c53997b850, L_000001c53992f2a8;
L_000001c539979eb0 .concat [ 1 4 0 0], L_000001c53997b7b0, L_000001c53992f2f0;
L_000001c53997ad10 .concat [ 1 4 0 0], v000001c53992c230_0, L_000001c53992f338;
L_000001c53997a450 .arith/sum 5, L_000001c539979c30, L_000001c5398c28a0;
L_000001c539978bf0 .part o000001c5398c34c8, 28, 4;
L_000001c5399795f0 .concat [ 4 1 0 0], L_000001c539978bf0, L_000001c53992f380;
L_000001c539979cd0 .part L_000001c53992b3d0, 28, 4;
L_000001c539979730 .concat [ 4 1 0 0], L_000001c539979cd0, L_000001c53992f3c8;
L_000001c539979d70 .arith/sum 5, L_000001c5399795f0, L_000001c539979730;
L_000001c539979230 .concat [ 1 4 0 0], L_000001c53997b5d0, L_000001c53992f410;
L_000001c5399792d0 .concat [ 1 4 0 0], L_000001c53997c9d0, L_000001c53992f458;
L_000001c539979f50 .concat [ 1 4 0 0], L_000001c53997b7b0, L_000001c53992f4a0;
L_000001c53997ae50 .part L_000001c53997a450, 4, 1;
L_000001c53997b030 .concat [ 1 4 0 0], L_000001c53997ae50, L_000001c53992f4e8;
L_000001c53997a130 .arith/sum 5, L_000001c539979d70, L_000001c5398c23d0;
L_000001c53997a630 .concat [ 1 4 0 0], L_000001c53997b850, L_000001c53992f530;
L_000001c53997a1d0 .concat [ 1 4 0 0], v000001c53992c230_0, L_000001c53992f578;
L_000001c53997a3b0 .arith/sum 5, L_000001c53997a130, L_000001c5398c2b40;
L_000001c53997a270 .part L_000001c53997a3b0, 0, 4;
L_000001c53997ab30 .part L_000001c53997a450, 0, 4;
L_000001c5399797d0 .part L_000001c53997af90, 0, 4;
L_000001c53997a770 .part L_000001c53992d9f0, 0, 4;
L_000001c539978c90 .part L_000001c53992d8b0, 0, 4;
L_000001c53997a310 .part L_000001c53992dc70, 0, 4;
L_000001c53997a4f0 .part L_000001c53992cc30, 0, 4;
L_000001c53997a8b0 .part L_000001c53992b510, 0, 4;
LS_000001c53997a590_0_0 .concat [ 4 4 4 4], L_000001c53997a8b0, L_000001c53997a4f0, L_000001c53997a310, L_000001c539978c90;
LS_000001c53997a590_0_4 .concat [ 4 4 4 4], L_000001c53997a770, L_000001c5399797d0, L_000001c53997ab30, L_000001c53997a270;
L_000001c53997a590 .concat [ 16 16 0 0], LS_000001c53997a590_0_0, LS_000001c53997a590_0_4;
S_000001c53990ed90 .scope module, "mul" "multiplier" 3 28, 5 1 0, S_000001c539868ce0;
 .timescale 0 0;
    .port_info 0 /INPUT 32 "A";
    .port_info 1 /INPUT 32 "B";
    .port_info 2 /INPUT 1 "D";
    .port_info 3 /INPUT 1 "H";
    .port_info 4 /INPUT 1 "O";
    .port_info 5 /INPUT 1 "Q";
    .port_info 6 /OUTPUT 32 "Out";
v000001c539926580_0 .net "A", 31 0, o000001c5398c34c8;  alias, 0 drivers
v000001c5399241e0_0 .net "B", 31 0, o000001c5398c34f8;  alias, 0 drivers
v000001c5399248c0_0 .net "D", 0 0, L_000001c53997b5d0;  alias, 1 drivers
v000001c539925ea0_0 .net "H", 0 0, L_000001c53997c9d0;  alias, 1 drivers
v000001c539924500_0 .net "O", 0 0, L_000001c53997b7b0;  alias, 1 drivers
v000001c539925ae0_0 .var "Out", 31 0;
v000001c539925c20_0 .net "Q", 0 0, L_000001c53997b850;  alias, 1 drivers
E_000001c5398b1da0/0 .event anyedge, v000001c5398a0ec0_0, v000001c5398b7520_0, v000001c5398b61c0_0, v000001c5398a1c80_0;
E_000001c5398b1da0/1 .event anyedge, v000001c5398a2040_0, v000001c53991d450_0;
E_000001c5398b1da0 .event/or E_000001c5398b1da0/0, E_000001c5398b1da0/1;
S_000001c53985da70 .scope module, "shift" "shifter" 3 38, 6 1 0, S_000001c539868ce0;
 .timescale 0 0;
    .port_info 0 /INPUT 32 "A";
    .port_info 1 /INPUT 1 "D";
    .port_info 2 /INPUT 1 "H";
    .port_info 3 /INPUT 1 "O";
    .port_info 4 /INPUT 1 "Q";
    .port_info 5 /INPUT 1 "left";
    .port_info 6 /OUTPUT 32 "Out";
L_000001c5398c2980 .functor OR 1, v000001c53992c0f0_0, L_000001c53997b5d0, C4<0>, C4<0>;
L_000001c5398c29f0 .functor OR 1, L_000001c5398c2980, L_000001c53997c9d0, C4<0>, C4<0>;
L_000001c5398c2ad0 .functor OR 1, L_000001c5398c29f0, L_000001c53997b7b0, C4<0>, C4<0>;
L_000001c5398c2520 .functor AND 1, L_000001c5398c2ad0, L_000001c539979410, C4<1>, C4<1>;
L_000001c53997ffd0 .functor OR 1, v000001c53992c0f0_0, L_000001c53997b5d0, C4<0>, C4<0>;
L_000001c53997f470 .functor OR 1, L_000001c53997ffd0, L_000001c53997c9d0, C4<0>, C4<0>;
L_000001c53997f630 .functor AND 1, L_000001c53997f470, L_000001c53997aef0, C4<1>, C4<1>;
L_000001c53997f7f0 .functor OR 1, L_000001c53997aa90, L_000001c53997b5d0, C4<0>, C4<0>;
L_000001c53997fb70 .functor OR 1, L_000001c53997f7f0, L_000001c53997c9d0, C4<0>, C4<0>;
L_000001c539980040 .functor OR 1, L_000001c53997fb70, L_000001c53997b7b0, C4<0>, C4<0>;
L_000001c539980270 .functor AND 1, L_000001c539980040, L_000001c53997abd0, C4<1>, C4<1>;
L_000001c5399800b0 .functor OR 1, v000001c53992c0f0_0, L_000001c53997b5d0, C4<0>, C4<0>;
L_000001c53997fa20 .functor OR 1, L_000001c5399800b0, L_000001c53997c9d0, C4<0>, C4<0>;
L_000001c53997f6a0 .functor OR 1, L_000001c53997fa20, L_000001c53997b7b0, C4<0>, C4<0>;
L_000001c53997f940 .functor AND 1, L_000001c53997f6a0, L_000001c53997b170, C4<1>, C4<1>;
L_000001c539980190 .functor OR 1, L_000001c539978f10, L_000001c53997b5d0, C4<0>, C4<0>;
L_000001c53997f5c0 .functor OR 1, L_000001c539980190, L_000001c53997c9d0, C4<0>, C4<0>;
L_000001c53997f550 .functor AND 1, L_000001c53997f5c0, L_000001c539979190, C4<1>, C4<1>;
L_000001c53997fef0 .functor OR 1, v000001c53992c0f0_0, L_000001c53997b5d0, C4<0>, C4<0>;
L_000001c53997f710 .functor AND 1, L_000001c53997fef0, L_000001c539979690, C4<1>, C4<1>;
L_000001c53997ff60 .functor OR 1, L_000001c53997c6b0, L_000001c53997b5d0, C4<0>, C4<0>;
L_000001c539980120 .functor OR 1, L_000001c53997ff60, L_000001c53997c9d0, C4<0>, C4<0>;
L_000001c53997fd30 .functor OR 1, L_000001c539980120, L_000001c53997b7b0, C4<0>, C4<0>;
L_000001c5399802e0 .functor AND 1, L_000001c53997fd30, L_000001c53997c390, C4<1>, C4<1>;
L_000001c53997f400 .functor OR 1, v000001c53992c0f0_0, L_000001c53997b5d0, C4<0>, C4<0>;
L_000001c53997fe80 .functor OR 1, L_000001c53997f400, L_000001c53997c9d0, C4<0>, C4<0>;
L_000001c53997fbe0 .functor OR 1, L_000001c53997fe80, L_000001c53997b7b0, C4<0>, C4<0>;
L_000001c539980200 .functor AND 1, L_000001c53997fbe0, L_000001c53997bcb0, C4<1>, C4<1>;
L_000001c53997fc50 .functor OR 1, L_000001c53997c2f0, L_000001c53997b5d0, C4<0>, C4<0>;
L_000001c53997f4e0 .functor AND 1, L_000001c53997fc50, L_000001c53997c250, C4<1>, C4<1>;
L_000001c53997f780 .functor OR 1, v000001c53992c0f0_0, L_000001c53997b5d0, C4<0>, C4<0>;
L_000001c53997fcc0 .functor OR 1, L_000001c53997f780, L_000001c53997c9d0, C4<0>, C4<0>;
L_000001c53997f860 .functor AND 1, L_000001c53997fcc0, L_000001c53997c110, C4<1>, C4<1>;
L_000001c53997f8d0 .functor OR 1, L_000001c53997b710, L_000001c53997b5d0, C4<0>, C4<0>;
L_000001c53997fb00 .functor OR 1, L_000001c53997f8d0, L_000001c53997c9d0, C4<0>, C4<0>;
L_000001c53997f9b0 .functor OR 1, L_000001c53997fb00, L_000001c53997b7b0, C4<0>, C4<0>;
L_000001c53997fa90 .functor AND 1, L_000001c53997f9b0, L_000001c53997c4d0, C4<1>, C4<1>;
L_000001c53997fda0 .functor OR 1, v000001c53992c0f0_0, L_000001c53997b5d0, C4<0>, C4<0>;
L_000001c53997fe10 .functor OR 1, L_000001c53997fda0, L_000001c53997c9d0, C4<0>, C4<0>;
L_000001c539981200 .functor OR 1, L_000001c53997fe10, L_000001c53997b7b0, C4<0>, C4<0>;
L_000001c539981900 .functor AND 1, L_000001c539981200, L_000001c53997c070, C4<1>, C4<1>;
L_000001c539981190 .functor OR 1, L_000001c53997c750, L_000001c53997b5d0, C4<0>, C4<0>;
L_000001c539981040 .functor OR 1, L_000001c539981190, L_000001c53997c9d0, C4<0>, C4<0>;
L_000001c539981ac0 .functor AND 1, L_000001c539981040, L_000001c53997c570, C4<1>, C4<1>;
L_000001c539981270 .functor OR 1, L_000001c53997c890, L_000001c53997b5d0, C4<0>, C4<0>;
L_000001c539980f60 .functor OR 1, L_000001c539981270, L_000001c53997c9d0, C4<0>, C4<0>;
L_000001c539981970 .functor OR 1, L_000001c539980f60, L_000001c53997b7b0, C4<0>, C4<0>;
L_000001c539980e80 .functor AND 1, L_000001c539981970, L_000001c53997be90, C4<1>, C4<1>;
v000001c539924140_0 .net "A", 31 0, o000001c5398c34c8;  alias, 0 drivers
v000001c539925180_0 .net "D", 0 0, L_000001c53997b5d0;  alias, 1 drivers
v000001c5399254a0_0 .net "H", 0 0, L_000001c53997c9d0;  alias, 1 drivers
v000001c539924e60_0 .net "O", 0 0, L_000001c53997b7b0;  alias, 1 drivers
v000001c5399264e0_0 .net "Out", 31 0, L_000001c53997bd50;  alias, 1 drivers
v000001c539925040_0 .net "Q", 0 0, L_000001c53997b850;  alias, 1 drivers
v000001c5399250e0_0 .net *"_ivl_10", 31 0, L_000001c539978e70;  1 drivers
v000001c539925360_0 .net *"_ivl_101", 0 0, L_000001c53997c390;  1 drivers
v000001c539924640_0 .net *"_ivl_102", 0 0, L_000001c5399802e0;  1 drivers
v000001c5399257c0_0 .net *"_ivl_104", 3 0, L_000001c53997bdf0;  1 drivers
v000001c5399261c0_0 .net *"_ivl_108", 0 0, L_000001c53997f400;  1 drivers
v000001c539926120_0 .net *"_ivl_110", 0 0, L_000001c53997fe80;  1 drivers
v000001c539925cc0_0 .net *"_ivl_112", 0 0, L_000001c53997fbe0;  1 drivers
v000001c5399259a0_0 .net *"_ivl_115", 0 0, L_000001c53997bcb0;  1 drivers
v000001c539925220_0 .net *"_ivl_116", 0 0, L_000001c539980200;  1 drivers
v000001c539924460_0 .net *"_ivl_119", 1 0, L_000001c53997c930;  1 drivers
v000001c539926620_0 .net *"_ivl_121", 0 0, L_000001c53997c2f0;  1 drivers
v000001c539925b80_0 .net *"_ivl_122", 0 0, L_000001c53997fc50;  1 drivers
v000001c5399246e0_0 .net *"_ivl_125", 0 0, L_000001c53997c250;  1 drivers
v000001c539924fa0_0 .net *"_ivl_126", 0 0, L_000001c53997f4e0;  1 drivers
v000001c539924780_0 .net *"_ivl_128", 3 0, L_000001c53997bc10;  1 drivers
v000001c539924820_0 .net *"_ivl_132", 0 0, L_000001c53997f780;  1 drivers
v000001c539926300_0 .net *"_ivl_134", 0 0, L_000001c53997fcc0;  1 drivers
v000001c539926440_0 .net *"_ivl_137", 0 0, L_000001c53997c110;  1 drivers
v000001c539925400_0 .net *"_ivl_138", 0 0, L_000001c53997f860;  1 drivers
v000001c539926080_0 .net *"_ivl_141", 1 0, L_000001c53997c430;  1 drivers
v000001c539924c80_0 .net *"_ivl_143", 0 0, L_000001c53997b710;  1 drivers
v000001c5399266c0_0 .net *"_ivl_144", 0 0, L_000001c53997f8d0;  1 drivers
v000001c539925680_0 .net *"_ivl_146", 0 0, L_000001c53997fb00;  1 drivers
v000001c539926760_0 .net *"_ivl_148", 0 0, L_000001c53997f9b0;  1 drivers
v000001c539925540_0 .net *"_ivl_151", 0 0, L_000001c53997c4d0;  1 drivers
v000001c539925d60_0 .net *"_ivl_152", 0 0, L_000001c53997fa90;  1 drivers
v000001c5399263a0_0 .net *"_ivl_154", 3 0, L_000001c53997c610;  1 drivers
v000001c539924280_0 .net *"_ivl_158", 0 0, L_000001c53997fda0;  1 drivers
v000001c5399255e0_0 .net *"_ivl_16", 0 0, L_000001c5398c2980;  1 drivers
v000001c539926800_0 .net *"_ivl_160", 0 0, L_000001c53997fe10;  1 drivers
v000001c539925f40_0 .net *"_ivl_162", 0 0, L_000001c539981200;  1 drivers
v000001c5399268a0_0 .net *"_ivl_165", 0 0, L_000001c53997c070;  1 drivers
v000001c539924d20_0 .net *"_ivl_166", 0 0, L_000001c539981900;  1 drivers
v000001c539926260_0 .net *"_ivl_169", 1 0, L_000001c53997bb70;  1 drivers
v000001c539925fe0_0 .net *"_ivl_171", 0 0, L_000001c53997c750;  1 drivers
v000001c539924320_0 .net *"_ivl_172", 0 0, L_000001c539981190;  1 drivers
v000001c539924960_0 .net *"_ivl_174", 0 0, L_000001c539981040;  1 drivers
v000001c539924f00_0 .net *"_ivl_177", 0 0, L_000001c53997c570;  1 drivers
v000001c5399243c0_0 .net *"_ivl_178", 0 0, L_000001c539981ac0;  1 drivers
v000001c539924dc0_0 .net *"_ivl_18", 0 0, L_000001c5398c29f0;  1 drivers
v000001c539924a00_0 .net *"_ivl_180", 3 0, L_000001c53997c7f0;  1 drivers
v000001c539925720_0 .net *"_ivl_186", 2 0, L_000001c53997c1b0;  1 drivers
v000001c539924aa0_0 .net *"_ivl_188", 0 0, L_000001c53997c890;  1 drivers
v000001c539924b40_0 .net *"_ivl_189", 0 0, L_000001c539981270;  1 drivers
v000001c539924be0_0 .net *"_ivl_191", 0 0, L_000001c539980f60;  1 drivers
v000001c539925860_0 .net *"_ivl_193", 0 0, L_000001c539981970;  1 drivers
v000001c539925900_0 .net *"_ivl_196", 0 0, L_000001c53997be90;  1 drivers
v000001c539925a40_0 .net *"_ivl_197", 0 0, L_000001c539980e80;  1 drivers
v000001c539926940_0 .net *"_ivl_199", 3 0, L_000001c53997ca70;  1 drivers
v000001c539926bc0_0 .net *"_ivl_20", 0 0, L_000001c5398c2ad0;  1 drivers
v000001c539927980_0 .net *"_ivl_23", 0 0, L_000001c539979410;  1 drivers
v000001c539927840_0 .net *"_ivl_24", 0 0, L_000001c5398c2520;  1 drivers
v000001c5399278e0_0 .net *"_ivl_27", 2 0, L_000001c53997a810;  1 drivers
v000001c539927340_0 .net *"_ivl_28", 3 0, L_000001c53997a950;  1 drivers
v000001c539927a20_0 .net *"_ivl_32", 0 0, L_000001c53997ffd0;  1 drivers
v000001c539926c60_0 .net *"_ivl_34", 0 0, L_000001c53997f470;  1 drivers
v000001c539927200_0 .net *"_ivl_37", 0 0, L_000001c53997aef0;  1 drivers
v000001c539927c00_0 .net *"_ivl_38", 0 0, L_000001c53997f630;  1 drivers
L_000001c53992f5c0 .functor BUFT 1, C4<0>, C4<0>, C4<0>, C4<0>;
v000001c539927d40_0 .net/2u *"_ivl_4", 0 0, L_000001c53992f5c0;  1 drivers
v000001c539926da0_0 .net *"_ivl_41", 1 0, L_000001c53997a9f0;  1 drivers
v000001c539926d00_0 .net *"_ivl_43", 0 0, L_000001c53997aa90;  1 drivers
v000001c539926f80_0 .net *"_ivl_44", 0 0, L_000001c53997f7f0;  1 drivers
v000001c5399269e0_0 .net *"_ivl_46", 0 0, L_000001c53997fb70;  1 drivers
v000001c5399272a0_0 .net *"_ivl_48", 0 0, L_000001c539980040;  1 drivers
v000001c539927ca0_0 .net *"_ivl_51", 0 0, L_000001c53997abd0;  1 drivers
v000001c539926a80_0 .net *"_ivl_52", 0 0, L_000001c539980270;  1 drivers
v000001c5399277a0_0 .net *"_ivl_54", 3 0, L_000001c5399794b0;  1 drivers
v000001c539927de0_0 .net *"_ivl_58", 0 0, L_000001c5399800b0;  1 drivers
v000001c539927b60_0 .net *"_ivl_6", 31 0, L_000001c539978dd0;  1 drivers
v000001c539926e40_0 .net *"_ivl_60", 0 0, L_000001c53997fa20;  1 drivers
v000001c539927ac0_0 .net *"_ivl_62", 0 0, L_000001c53997f6a0;  1 drivers
v000001c539927e80_0 .net *"_ivl_65", 0 0, L_000001c53997b170;  1 drivers
v000001c539927f20_0 .net *"_ivl_66", 0 0, L_000001c53997f940;  1 drivers
v000001c5399275c0_0 .net *"_ivl_69", 1 0, L_000001c5399790f0;  1 drivers
v000001c539927020_0 .net *"_ivl_71", 0 0, L_000001c539978f10;  1 drivers
v000001c539927660_0 .net *"_ivl_72", 0 0, L_000001c539980190;  1 drivers
v000001c539926ee0_0 .net *"_ivl_74", 0 0, L_000001c53997f5c0;  1 drivers
v000001c539927fc0_0 .net *"_ivl_77", 0 0, L_000001c539979190;  1 drivers
v000001c5399270c0_0 .net *"_ivl_78", 0 0, L_000001c53997f550;  1 drivers
L_000001c53992f608 .functor BUFT 1, C4<0>, C4<0>, C4<0>, C4<0>;
v000001c5399273e0_0 .net/2u *"_ivl_8", 0 0, L_000001c53992f608;  1 drivers
v000001c539927520_0 .net *"_ivl_80", 3 0, L_000001c539979550;  1 drivers
v000001c539926b20_0 .net *"_ivl_84", 0 0, L_000001c53997fef0;  1 drivers
v000001c539927480_0 .net *"_ivl_87", 0 0, L_000001c539979690;  1 drivers
v000001c539927160_0 .net *"_ivl_88", 0 0, L_000001c53997f710;  1 drivers
v000001c539927700_0 .net *"_ivl_91", 1 0, L_000001c539979870;  1 drivers
v000001c53992ba10_0 .net *"_ivl_93", 0 0, L_000001c53997c6b0;  1 drivers
v000001c53992ad90_0 .net *"_ivl_94", 0 0, L_000001c53997ff60;  1 drivers
v000001c53992b790_0 .net *"_ivl_96", 0 0, L_000001c539980120;  1 drivers
v000001c53992ab10_0 .net *"_ivl_98", 0 0, L_000001c53997fd30;  1 drivers
v000001c53992ac50_0 .net "left", 0 0, v000001c53992c0f0_0;  1 drivers
v000001c53992b0b0_0 .net "left_shift", 30 0, L_000001c5399799b0;  1 drivers
v000001c53992a610_0 .net "right_shift", 30 0, L_000001c53997b0d0;  1 drivers
v000001c53992b6f0_0 .net "shift_temp", 31 0, L_000001c539978fb0;  1 drivers
L_000001c5399799b0 .part o000001c5398c34c8, 0, 31;
L_000001c53997b0d0 .part o000001c5398c34c8, 1, 31;
L_000001c539978dd0 .concat [ 1 31 0 0], L_000001c53992f5c0, L_000001c5399799b0;
L_000001c539978e70 .concat [ 31 1 0 0], L_000001c53997b0d0, L_000001c53992f608;
L_000001c539978fb0 .functor MUXZ 32, L_000001c539978e70, L_000001c539978dd0, v000001c53992c0f0_0, C4<>;
L_000001c539979410 .part L_000001c539978fb0, 3, 1;
L_000001c53997a810 .part L_000001c539978fb0, 0, 3;
L_000001c53997a950 .concat [ 3 1 0 0], L_000001c53997a810, L_000001c5398c2520;
L_000001c53997aef0 .part L_000001c539978fb0, 7, 1;
L_000001c53997a9f0 .part L_000001c539978fb0, 5, 2;
L_000001c53997aa90 .reduce/nor v000001c53992c0f0_0;
L_000001c53997abd0 .part L_000001c539978fb0, 4, 1;
L_000001c5399794b0 .concat [ 1 2 1 0], L_000001c539980270, L_000001c53997a9f0, L_000001c53997f630;
L_000001c53997b170 .part L_000001c539978fb0, 11, 1;
L_000001c5399790f0 .part L_000001c539978fb0, 9, 2;
L_000001c539978f10 .reduce/nor v000001c53992c0f0_0;
L_000001c539979190 .part L_000001c539978fb0, 8, 1;
L_000001c539979550 .concat [ 1 2 1 0], L_000001c53997f550, L_000001c5399790f0, L_000001c53997f940;
L_000001c539979690 .part L_000001c539978fb0, 15, 1;
L_000001c539979870 .part L_000001c539978fb0, 13, 2;
L_000001c53997c6b0 .reduce/nor v000001c53992c0f0_0;
L_000001c53997c390 .part L_000001c539978fb0, 12, 1;
L_000001c53997bdf0 .concat [ 1 2 1 0], L_000001c5399802e0, L_000001c539979870, L_000001c53997f710;
L_000001c53997bcb0 .part L_000001c539978fb0, 19, 1;
L_000001c53997c930 .part L_000001c539978fb0, 17, 2;
L_000001c53997c2f0 .reduce/nor v000001c53992c0f0_0;
L_000001c53997c250 .part L_000001c539978fb0, 16, 1;
L_000001c53997bc10 .concat [ 1 2 1 0], L_000001c53997f4e0, L_000001c53997c930, L_000001c539980200;
L_000001c53997c110 .part L_000001c539978fb0, 23, 1;
L_000001c53997c430 .part L_000001c539978fb0, 21, 2;
L_000001c53997b710 .reduce/nor v000001c53992c0f0_0;
L_000001c53997c4d0 .part L_000001c539978fb0, 20, 1;
L_000001c53997c610 .concat [ 1 2 1 0], L_000001c53997fa90, L_000001c53997c430, L_000001c53997f860;
L_000001c53997c070 .part L_000001c539978fb0, 27, 1;
L_000001c53997bb70 .part L_000001c539978fb0, 25, 2;
L_000001c53997c750 .reduce/nor v000001c53992c0f0_0;
L_000001c53997c570 .part L_000001c539978fb0, 24, 1;
L_000001c53997c7f0 .concat [ 1 2 1 0], L_000001c539981ac0, L_000001c53997bb70, L_000001c539981900;
LS_000001c53997bd50_0_0 .concat8 [ 4 4 4 4], L_000001c53997a950, L_000001c5399794b0, L_000001c539979550, L_000001c53997bdf0;
LS_000001c53997bd50_0_4 .concat8 [ 4 4 4 4], L_000001c53997bc10, L_000001c53997c610, L_000001c53997c7f0, L_000001c53997ca70;
L_000001c53997bd50 .concat8 [ 16 16 0 0], LS_000001c53997bd50_0_0, LS_000001c53997bd50_0_4;
L_000001c53997c1b0 .part L_000001c539978fb0, 29, 3;
L_000001c53997c890 .reduce/nor v000001c53992c0f0_0;
L_000001c53997be90 .part L_000001c539978fb0, 28, 1;
L_000001c53997ca70 .concat [ 1 3 0 0], L_000001c539980e80, L_000001c53997c1b0;
    .scope S_000001c53990ed90;
T_0 ;
    %wait E_000001c5398b1da0;
    %pushi/vec4 0, 0, 32;
    %store/vec4 v000001c539925ae0_0, 0, 32;
    %load/vec4 v000001c5399248c0_0;
    %flag_set/vec4 8;
    %jmp/0xz  T_0.0, 8;
    %load/vec4 v000001c539926580_0;
    %load/vec4 v000001c5399241e0_0;
    %mul;
    %store/vec4 v000001c539925ae0_0, 0, 32;
    %jmp T_0.1;
T_0.0 ;
    %load/vec4 v000001c539925ea0_0;
    %flag_set/vec4 8;
    %jmp/0xz  T_0.2, 8;
    %load/vec4 v000001c539926580_0;
    %parti/s 16, 0, 2;
    %load/vec4 v000001c5399241e0_0;
    %parti/s 16, 0, 2;
    %mul;
    %ix/load 4, 0, 0;
    %flag_set/imm 4, 0;
    %store/vec4 v000001c539925ae0_0, 4, 16;
    %load/vec4 v000001c539926580_0;
    %parti/s 16, 16, 6;
    %load/vec4 v000001c5399241e0_0;
    %parti/s 16, 16, 6;
    %mul;
    %ix/load 4, 16, 0;
    %flag_set/imm 4, 0;
    %store/vec4 v000001c539925ae0_0, 4, 16;
    %jmp T_0.3;
T_0.2 ;
    %load/vec4 v000001c539924500_0;
    %flag_set/vec4 8;
    %jmp/0xz  T_0.4, 8;
    %load/vec4 v000001c539926580_0;
    %parti/s 8, 0, 2;
    %load/vec4 v000001c5399241e0_0;
    %parti/s 8, 0, 2;
    %mul;
    %ix/load 4, 0, 0;
    %flag_set/imm 4, 0;
    %store/vec4 v000001c539925ae0_0, 4, 8;
    %load/vec4 v000001c539926580_0;
    %parti/s 8, 8, 5;
    %load/vec4 v000001c5399241e0_0;
    %parti/s 8, 8, 5;
    %mul;
    %ix/load 4, 8, 0;
    %flag_set/imm 4, 0;
    %store/vec4 v000001c539925ae0_0, 4, 8;
    %load/vec4 v000001c539926580_0;
    %parti/s 8, 16, 6;
    %load/vec4 v000001c5399241e0_0;
    %parti/s 8, 16, 6;
    %mul;
    %ix/load 4, 16, 0;
    %flag_set/imm 4, 0;
    %store/vec4 v000001c539925ae0_0, 4, 8;
    %load/vec4 v000001c539926580_0;
    %parti/s 8, 24, 6;
    %load/vec4 v000001c5399241e0_0;
    %parti/s 8, 24, 6;
    %mul;
    %ix/load 4, 24, 0;
    %flag_set/imm 4, 0;
    %store/vec4 v000001c539925ae0_0, 4, 8;
    %jmp T_0.5;
T_0.4 ;
    %load/vec4 v000001c539925c20_0;
    %flag_set/vec4 8;
    %jmp/0xz  T_0.6, 8;
    %load/vec4 v000001c539926580_0;
    %parti/s 4, 0, 2;
    %load/vec4 v000001c5399241e0_0;
    %parti/s 4, 0, 2;
    %mul;
    %ix/load 4, 0, 0;
    %flag_set/imm 4, 0;
    %store/vec4 v000001c539925ae0_0, 4, 4;
    %load/vec4 v000001c539926580_0;
    %parti/s 4, 4, 4;
    %load/vec4 v000001c5399241e0_0;
    %parti/s 4, 4, 4;
    %mul;
    %ix/load 4, 4, 0;
    %flag_set/imm 4, 0;
    %store/vec4 v000001c539925ae0_0, 4, 4;
    %load/vec4 v000001c539926580_0;
    %parti/s 4, 8, 5;
    %load/vec4 v000001c5399241e0_0;
    %parti/s 4, 8, 5;
    %mul;
    %ix/load 4, 8, 0;
    %flag_set/imm 4, 0;
    %store/vec4 v000001c539925ae0_0, 4, 4;
    %load/vec4 v000001c539926580_0;
    %parti/s 4, 12, 5;
    %load/vec4 v000001c5399241e0_0;
    %parti/s 4, 12, 5;
    %mul;
    %ix/load 4, 12, 0;
    %flag_set/imm 4, 0;
    %store/vec4 v000001c539925ae0_0, 4, 4;
    %load/vec4 v000001c539926580_0;
    %parti/s 4, 16, 6;
    %load/vec4 v000001c5399241e0_0;
    %parti/s 4, 16, 6;
    %mul;
    %ix/load 4, 16, 0;
    %flag_set/imm 4, 0;
    %store/vec4 v000001c539925ae0_0, 4, 4;
    %load/vec4 v000001c539926580_0;
    %parti/s 4, 20, 6;
    %load/vec4 v000001c5399241e0_0;
    %parti/s 4, 20, 6;
    %mul;
    %ix/load 4, 20, 0;
    %flag_set/imm 4, 0;
    %store/vec4 v000001c539925ae0_0, 4, 4;
    %load/vec4 v000001c539926580_0;
    %parti/s 4, 24, 6;
    %load/vec4 v000001c5399241e0_0;
    %parti/s 4, 24, 6;
    %mul;
    %ix/load 4, 24, 0;
    %flag_set/imm 4, 0;
    %store/vec4 v000001c539925ae0_0, 4, 4;
    %load/vec4 v000001c539926580_0;
    %parti/s 4, 28, 6;
    %load/vec4 v000001c5399241e0_0;
    %parti/s 4, 28, 6;
    %mul;
    %ix/load 4, 28, 0;
    %flag_set/imm 4, 0;
    %store/vec4 v000001c539925ae0_0, 4, 4;
T_0.6 ;
T_0.5 ;
T_0.3 ;
T_0.1 ;
    %jmp T_0;
    .thread T_0, $push;
    .scope S_000001c539868ce0;
T_1 ;
    %wait E_000001c5398b1c60;
    %pushi/vec4 0, 0, 1;
    %store/vec4 v000001c53992c230_0, 0, 1;
    %pushi/vec4 0, 0, 1;
    %store/vec4 v000001c53992c0f0_0, 0, 1;
    %pushi/vec4 0, 0, 32;
    %store/vec4 v000001c53992a6b0_0, 0, 32;
    %load/vec4 v000001c53992c690_0;
    %dup/vec4;
    %pushi/vec4 0, 0, 4;
    %cmp/u;
    %jmp/1 T_1.0, 6;
    %dup/vec4;
    %pushi/vec4 1, 0, 4;
    %cmp/u;
    %jmp/1 T_1.1, 6;
    %dup/vec4;
    %pushi/vec4 2, 0, 4;
    %cmp/u;
    %jmp/1 T_1.2, 6;
    %dup/vec4;
    %pushi/vec4 3, 0, 4;
    %cmp/u;
    %jmp/1 T_1.3, 6;
    %dup/vec4;
    %pushi/vec4 4, 0, 4;
    %cmp/u;
    %jmp/1 T_1.4, 6;
    %dup/vec4;
    %pushi/vec4 5, 0, 4;
    %cmp/u;
    %jmp/1 T_1.5, 6;
    %dup/vec4;
    %pushi/vec4 6, 0, 4;
    %cmp/u;
    %jmp/1 T_1.6, 6;
    %dup/vec4;
    %pushi/vec4 7, 0, 4;
    %cmp/u;
    %jmp/1 T_1.7, 6;
    %pushi/vec4 0, 0, 32;
    %store/vec4 v000001c53992a6b0_0, 0, 32;
    %jmp T_1.9;
T_1.0 ;
    %load/vec4 v000001c53992bfb0_0;
    %store/vec4 v000001c53992a6b0_0, 0, 32;
    %jmp T_1.9;
T_1.1 ;
    %pushi/vec4 1, 0, 1;
    %store/vec4 v000001c53992c230_0, 0, 1;
    %load/vec4 v000001c53992bfb0_0;
    %store/vec4 v000001c53992a6b0_0, 0, 32;
    %jmp T_1.9;
T_1.2 ;
    %load/vec4 v000001c53992caf0_0;
    %store/vec4 v000001c53992a6b0_0, 0, 32;
    %jmp T_1.9;
T_1.3 ;
    %pushi/vec4 1, 0, 1;
    %store/vec4 v000001c53992c0f0_0, 0, 1;
    %load/vec4 v000001c53992cb90_0;
    %store/vec4 v000001c53992a6b0_0, 0, 32;
    %jmp T_1.9;
T_1.4 ;
    %load/vec4 v000001c53992c050_0;
    %store/vec4 v000001c53992a6b0_0, 0, 32;
    %jmp T_1.9;
T_1.5 ;
    %load/vec4 v000001c53992c910_0;
    %store/vec4 v000001c53992a6b0_0, 0, 32;
    %jmp T_1.9;
T_1.6 ;
    %load/vec4 v000001c53992c4b0_0;
    %store/vec4 v000001c53992a6b0_0, 0, 32;
    %jmp T_1.9;
T_1.7 ;
    %load/vec4 v000001c53992ae30_0;
    %store/vec4 v000001c53992a6b0_0, 0, 32;
    %jmp T_1.9;
T_1.9 ;
    %pop/vec4 1;
    %jmp T_1;
    .thread T_1, $push;
# The file index is used to find the file name in the following table.
:file_names 7;
    "N/A";
    "<interactive>";
    "-";
    "alu\alu.v";
    "alu/../SIMD-PROCESSOR-dev/adder/adder.v";
    "alu/../SIMD-PROCESSOR-dev/multiplier/multiplier.v";
    "alu/../SIMD-PROCESSOR-dev/shifter/shifter.v";
